// Jest Snapshot v1, https://goo.gl/fbAQLP

exports[`PageGrid component can be rendered 1`] = `
<WithStyles(ForwardRef(Grid))
  className="makeStyles-root-1"
  container={true}
  spacing={2}
>
  <WithStyles(ForwardRef(Grid))
    item={true}
    xs={12}
  >
    <WithStyles(ForwardRef(Grid))
      container={true}
      justifyContent="center"
      spacing={4}
    >
      <WithStyles(ForwardRef(Grid))
        item={true}
      >
        <PageAppendPdf
          label="Load PDF"
          onAddDocument={[MockFunction]}
        />
      </WithStyles(ForwardRef(Grid))>
    </WithStyles(ForwardRef(Grid))>
  </WithStyles(ForwardRef(Grid))>
</WithStyles(ForwardRef(Grid))>
`;
